Gll^Fp, Gll^Fp, Gll^Fp, Gll^Fp, Gll^Fp, Gll^Fp, Gll^Fp, Gll^Fp, Gll^Fp, Gll^Fp, Gll^Fp, Gll^Fp, Gll^Fp, Gll^Fp, Gll^Fp, Gll^Fp, Gll^Fp, Gll^Fp, Gll^Fp, Gll^Fp, Gs, Gll^Fp, Gll^Fp, Gll^Fp, Gll^Fp, Gll^Fp, Gll^Fp, Gll^Fp, Gll^Fp, Gll^Fp, Gll^Fp, Gll^Fp, Gs, Gs, Gll^Fp, Gll^Fp, Gll^Fp, Gll^Fp, Gll^Fp, Gll^Fp, Gll^Fp, Gll^Fp, Gll^Fp, Gll^Fp, Gll^Fp, Gll^Fp, Aa^Fpa, Gll^Fp, Gll^Fp, Gll^Fp, Gll^Fp, Gs, Gs, Gs, Gs, Gll^Fp, Gs, Gs, Gs, Gll^Fp, Gs, Gs
Gll^Fp, Gll^Fp, Gll^Fp, Gll^Fp, Gs, Gll^Fp, Gs, Gll^Fp, Gll^Fp, Gll^Fp, Aa^Fpa, Gll^Fp, Aa^Fpa, Gll^Fp, Gll^Fp, Gll^Fp, Gs, Gll^Fp, Gll^Fp, Aa^Fpa, Gs, Gs, Aa^Fpa, Gll^Fp, Gs, Gll^Fp, Gs, Gll^Fp, Gll^Fp, Gll^Fp, Gll^Fp, Gll^Fp, Gs, Gs, Gs, Gll^Fp, Gll^Fp, Gll^Fp, Gll^Fp, Gll^Fp, Gs, Gll^Fp, Gs, Gll^Fp, Aa^Fpa, Aa^Fpa, Aa^Fpa, Gll^Fp, Gs, Gs, Gs, Gs, Gs, Gll^Fp, Gs, Gll^Fp, Gs, Gs, Gll^Fp, Gs, Gs, Gs
Gll^Fp, Gll^Fp, Aa, Aa, Cv, Cv, Cva, Aa, Gll^Fp, Gll^Fp, Gll^Fp, Aa^Fpa, Gll^Fp, Gll^Fp, Gs, Gs, Gs, Gs, Aa^Fpa, Aa^Fpa, Gs, Gs, Gll^Fp, Gs, Gs, Gs, Gll^Fp, Gs, Aa^Fpa, Aa^Fpa, Gll^Fp, Gs, Gll^Fp, Gll^Fp, Gll^Fp, Gs, Gs, Gs, Gs, Gs, Gs, Gll^Fp, Gll^Fp, Gll^Fp, Gs, Aa^Fpa, Gs, Gs, Gs, Gs, Gs, Gs, Gs, Gs, Aa^Fpa, Gs, Aa^Fpa, Gs, Gs, Gs, Gs, Gs
Gll^Fp, Gll^Fp, Aa, Gll^Fp, Gg^Fet, Gll^Fp, Aa^Feta, Gs, Gll^Fp, Gll^Fp, Aa^Fpa, Aa^Fpa, Gll^Fp, Gs, Gll^Fp, Gs, Gs, Gs, Aa^Fpa, Gs, Gs, Gs, Gs, Gs, Gs, Gll^Fp, Aa^Fpa, Aa^Fpa, Aa^Fpa, Gll^Fp, Gs, Gs, Gs, Gll^Fp, Gs, Gll^Fp, Aa^Fpa, Gll^Fp, Aa^Fpa, Gs, Gs, Gll^Fp, Gll^Fp, Gg^Ve, Gll^Fp, Gs, Gll^Fp, Gll^Fp, Gs, Gs, Gs, Gll^Fp, Gs, Gs, Aa^Fpa, Gll^Fp, Gs, Gs, Gs, Gll^Fp, Gs, Gs
Gll^Fp, Gll^Fp, Gs, Gg^Ve, Cv, Cv, Cv, Gs, Gs, Gll^Fp, Gll^Fp, Gll^Fp, Gs, Gs, Gll^Fp, Gll^Fp, Gll^Fp, Gll^Fp, Gll^Fp, Gll^Fp, Gll^Fp, Gll^Fp, Gll^Fp, Gs, Gll^Fp, Gll^Fp, Gs, Gs, Gll^Fp, Gll^Fp, Gll^Fp, Gll^Fp, Aa^Fpa, Gll^Fp, Gs, Gll^Fp, Aa^Fpa, Aa^Fpa, Gll^Fp, Gll^Fp, Gll^Fp, Gs, Gs, Gll^Fp, Gs, Gs, Gs, Gs, Gll^Fp, Gs, Gs, Gs, Gs, Gs, Gs, Gll^Fp, Gs, Gs, Gs, Gs, Gs, Gs
Gll^Fp, Gs, Gll^Fp, Gs, Gs, Cv, Gs, Gs, Gs, Gs, Gs, Gs, Gs, Gll^Fp, Aa, Gs, Gs, Aa^Fpa, Aa, Aa, Gs, Gs, Gs, Gs, Gs, Gll^Fp, Gll^Fp, Gs, Gs, Gs, Gs, Gs, Gll^Fp, Aa^Fpa, Gs, Gs, Gs, Gll^Fp, Gs, Gll^Fp, Gs, Gll^Fp, Gll^Fp, Gs, Gs, Gs, Gs, Aa, Aa, Gll^Fp, Gs, Gs, Gs, Gs, Gs, Gs, Gll^Fp, Gs, Gs, Gs, Gs, Gs
Gll^Fp, Gll^Fp, Gll^Fp, Gll^Fp, Gll^Fp, Gs, Gs, Gll^Fp, Aa^Fpa, Aa^Fpa, Gll^Fp, Gs, Gll^Fp, Gs, Gs, Gs, Gs, Gs, Gs, Aa, Gs, Aa, Gs, Gs, Gll^Fp, Aa^Fpa, Gs, Aa, Aa, Gll^Fp, Gll^Fp, Gg^Ve, Gll^Fp, Gs, Gll^Fp, Gs, Gs, Gs, Gll^Fp, Gs, Gs, Gll^Fp, Gs, Gs, Gs, Gs, Gs, Aa, Gs, Aa, Gs, Gs, Gs, Gs, Gll^Fp, Gs, Gs, Gs, Gs, Gs, Gs, Gll^Fp
Gll^Fp, Gll^Fp, Gs, Gll^Fp, Gll^Fp, Gll^Fp, Gll^Fp, Gll^Fp, Aa^Fpa, Aa^Fpa, Gll^Fp, Gll^Fp, Gll^Fp, Aa, Gs, Gs, Gs, Gs, Gs, Gll^Fp, Gll^Fp, Gs, Gs, Gs, Gs, Gs, Aa^Fpa, Aa^Fpa, Gs, Gs, Gll^Fp, Gs, Gs, Gll^Fp, Gs, Gs, Gs, Gll^Fp, Gll^Fp, Gll^Fp, Gs, Gs, Aa, Aa, Gll^Fp, Gs, Gs, Gll^Fp, Gs, Gs, Gs, Gll^Fp, Gs, Gs, Gll^Fp, Gs, Gs, Gs, Gll^Fp, Gs, Gs, Gs
Gll^Fp, Gs, Gs, Gs, Gs, Gll^Fp, Gs, Gll^Fp, Gs, Gll^Fp, Gs, Gll^Fp, Gs, Gll^Fp, Gll^Fp, Gs, Gs, Gs, Gs, Gll^Fp, Gll^Fp, Aa^Fpa, Gs, Gs, Gll^Fp, Gll^Fp, Gll^Fp, Gll^Fp, Gs, Gs, Gll^Fp, Gll^Fp, Gs, Gll^Fp, Gll^Fp, Aa^Fpa, Gs, Gll^Fp, Gs, Gs, Gs, Gs, Gs, Gs, Gs, Gs, Gs, Gll^Fp, Aa^Fpa, Gs, Gs, Gs, Gs, Gs, Gs, Gs, Gs, Gs, Aa^Fpa, Gs, Gs, Gs
Gll^Fp, Gll^Fp, Gll^Fp, Gll^Fp, Gll^Fp, Gs, Gs, Gll^Fp, Gll^Fp, Gll^Fp, Gs, Gll^Fp, Gs, Gg^Ve, Gll^Fp, Gs, Gll^Fp, Gs, Gll^Fp, Gs, Gll^Fp, Gs, Gs, Gs, Gs, Gs, Gll^Fp, Gs, Gll^Fp, Gs, Gll^Fp, Gs, Gs, Gs, Gll^Fp, Aa^Fpa, Gs, Gs, Gs, Gs, Gs, Gs, Gs, Gs, Gll^Fp, Gs, Aa, Aa^Fpa, Aa^Fpa, Gs, Aa, Gs, Gs, Gll^Fp, Gs, Gs, Gs, Gs, Gs, Gs, Gs, Gs
Gll^Fp, Gll^Fp, Gll^Fp, Gll^Fp, Gs, Gll^Fp, Gll^Fp, Gs, Gll^Fp, Gll^Fp, Gll^Fp, Gs, Gll^Fp, Gs, Gs, Gs, Gs, Gs, Gs, Gll^Fp, Gs, Gs, Gll^Fp, Gs, Gs, Gs, Gs, Gs, Gs, Gs, Gs, Gll^Fp, Gs, Gll^Fp, Aa, Gs, Aa, Gs, Gs, Gll^Fp, Gs, Gs, Gll^Fp, Gll^Fp, Gs, Gs, Gs, Aa, Gll^Fp, Gs, Aa, Aa, Aa, Gs, Gs, Gll^Fp, Gll^Fp, Gs, Gs, Gs, Gs, Gs
Gs, Gll^Fp, Gll^Fp, Gll^Fp, Gll^Fp, Gs, Gs, Gs, Gll^Fp, Gs, Gll^Fp, Gll^Fp, Gll^Fp, Gs, Gs, Gs, Gs, Gs, Gll^Fp, Gll^Fp, Gs, Gll^Fp, Gs, Aa, Gs, Aa, Gll^Fp, Gs, Gll^Fp, Gll^Fp, Gs, Gll^Fp, Gs, Gs, Aa, Aa, Aa, Aa, Gs, Gll^Fp, Gs, Gs, Gs, Gs, Gs, Gll^Fp, Gs, Gs, Gs, Gs, Gs, Aa, Gs, Gs, Gs, Gs, Gs, Gs, Aa, Gs, Gs, Gll^Fp
Gs, Gll^Fp, Gll^Fp, Gs, Gll^Fp, Aa^Fpa, Aa^Fpa, Gll^Fp, Gs, Gll^Fp, Gs, Gll^Fp, Gll^Fp, Gs, Gs, Gll^Fp, Gll^Fp, Gs, Aa, Aa, Aa, Gll^Fp, Gs, Gs, Gll^Fp, Gs, Gs, Gs, Gll^Fp, Gll^Fp, Ce, Gs, Re^Vct, Gs, Aa, Aa, Gs, Aa, Gs, Gs, Gll^Fp, Gll^Fp, Gs, Gs, Gs, Gll^Fp, Gll^Fp, Gll^Fp, Gs, Gs, Gll^Fp, Gs, Gs, Gs, Gs, Gll^Fp, Gs, Gs, Aa, Gs, Gs, Gs
Gs, Gs, Gll^Fp, Gs, Gs, Aa^Fpa, Gll^Fp, Gll^Fp, Gs, Gll^Fp, Gs, Gll^Fp, Gll^Fp, Gs, Gll^Fp, Gs, Gs, Gll^Fp, Gs, Aa, Aa, Aa, Gll^Fp, Gll^Fp, Gll^Fp, Gs, Gll^Fp, Gll^Fp, Gs^Vct, Ce, Ket, Ce, Ce, Gs, Gll^Fp, Gs, Gs, Gll^Fp, Gs, Gs, Gs, Gs, Gs, Gs, Gs, Gs, Gll^Fp, Gll^Fp, Gs, Gs, Gll^Fp, Gs, Gs, Gs, Gs, Gs, Gs, Gs, Gs, Gs, Gs, Gs
Gs, Gs, Gll^Fp, Gll^Fp, Gll^Fp, Gll^Fp, Gll^Fp, Gll^Fp, Gll^Fp, Gll^Fp, Gs, Gs, Gs, Gll^Fp, Gll^Fp, Gs, Gll^Fp, Gs, Gll^Fp, Gll^Fp, Gs, Gs, Gs, Gs, Aa^Fpa, Gs, Gs, Gll^Fp, Gs, Ce, Ce, Ce, Gs, Gs, Gs, Gll^Fp, Gll^Fp, Gll^Fp, Gs, Gs, Gs, Gs, Gs, Gs, Gs, Aa^Fpa, Gll^Fp, Gs, Gs, Gs, Gll^Fp, Gs, Gs, Gs, Gs, Aa, Aa, Gs, Gs, Gs, Gs, Gs
Gs, Gs, Gs, Gll^Fp, Gll^Fp, Gs, Gs, Gll^Fp, Gll^Fp, Gs, Gs, Gll^Fp, Gll^Fp, Gs, Gll^Fp, Gs, Gs, Gll^Fp, Gll^Fp, Gs, Gs, Gs, Gs, Gs, Gll^Fp, Aa^Fpa, Aa^Fpa, Gs, Gs, Gll^Fp, Gll^Fp, Gs, Aa, Aa, Gs, Gll^Fp, Gs, Gll^Fp, Gs, Gs, Gll^Fp, Gs, Gs, Gll^Fp, Aa^Fpa, Aa^Fpa, Gs, Gs, Gs, Aa^Fpa, Gll^Fp, Gs, Gs, Gs, Gs, Gs, Gs, Gs, Gs, Gs, Gs, Gs
Gs, Gll^Fp, Gll^Fp, Gll^Fp, Gll^Fp, Gll^Fp, Gs, Gs, Gs, Gs, Gs, Gll^Fp, Gg^Ve, Gs, Gs, Gs, Gs, Gs, Gs, Gs, Gs, Gs, Gll^Fp, Gs, Gs, Gll^Fp, Gs, Gll^Fp, Gs, Gs, Gs, Gll^Fp, Aa, Aa, Aa, Gs, Gll^Fp, Gs, Gs, Gs, Gs, Gs, Gs, Gs, Gs, Gs, Gs, Gs, Gs, Aa^Fpa, Gs, Gs, Gs, Gll^Fp, Gs, Gs, Ha, Gs, Gs, Gll^Fp, Gs, Gs
Gs, Gll^Fp, Gll^Fp, Gs, Gs, Gs, Gll^Fp, Gs, Gll^Fp, Gll^Fp, Aa, Gll^Fp, Gll^Fp, Gs, Gs, Gll^Fp, Gs, Gs, Gs, Gs, Gs, Gs, Gll^Fp, Gs, Gs, Gs, Gll^Fp, Gs, Gll^Fp, Gs, Gll^Fp, Gs, Gs, Gs, Aa, Gs, Gs, Gll^Fp, Gll^Fp, Gs, Gs, Gs, Gs, Gs, Gs, Gs, Gll^Fp, Gs, Gs, Gs, Gll^Fp, Gs, Gs, Gs, Gs, Ha, Hh, Hh, Gs, Gs, Gs, Gs
Gs, Gll^Fp, Gll^Fp, Gs, Gll^Fp, Gs, Gs, Gll^Fp, Gs, Aa, Aa, Gs, Gll^Fp, Gs, Gll^Fp, Gs, Aa^Fpa, Gll^Fp, Gs, Gs, Gs, Gll^Fp, Aa^Fpa, Aa^Fpa, Gll^Fp, Gll^Fp, Gs, Gs, Gs, Gs, Gs, Gll^Fp, Gs, Gs, Gs, Gll^Fp, Gll^Fp, Gs, Gll^Fp, Gs, Gs, Gs, Gll^Fp, Gs, Gs, Gll^Fp, Gs, Gs, Gs, Gs, Gs, Gs, Gs, Gs, Gll^Fp, Gs, Gs, Gs, Gs, Gs, Gs, Gs
Gll^Fp, Gll^Fp, Gs, Gs, Gll^Fp, Gll^Fp, Gll^Fp, Gs, Gll^Fp, Aa, Gs, Gll^Fp, Gll^Fp, Gs, Gll^Fp, Aa^Fpa, Gs, Gll^Fp, Gs, Gs, Gs, Gs, Gs, Aa^Fpa, Gll^Fp, Gs, Aa, Aa, Gs, Gs, Gs, Gs, Gs, Gs, Gs, Gs, Gs, Gll^Fp, Gs, Gll^Fp, Gs, Gs, Gs, Gs^Vhr, Gs, Gll^Fp, Gs, Gs, Gll^Fp, Gs, Gll^Fp, Gs, Gs, Gs, Gll^Fp, Gs, Gs, Gll^Fp, Gs, Gs, Gs, Gs
Gll^Fp, Gll^Fp, Gs, Gll^Fp, Gll^Fp, Gll^Fp, Gll^Fp, Gll^Fp, Gll^Fp, Gll^Fp, Gs, Gll^Fp, Gs, Gs, Gs, Gs, Gs, Gll^Fp, Gs, Gll^Fp, Gs, Gll^Fp, Gs, Gll^Fp, Gs, Gs, Aa, Aa, Aa, Gs, Gll^Fp, Gs, Gs, Gll^Fp, Gs, Gs, Gs, Gs, Gs, Gs, Gll^Fp, Gs, Gs, Gs, Gs, Gs, Gs, Gs, Gll^Fp, Gs, Gs, Gs, Gs, Gs, Gs, Gs, Gs, Gs, Gll^Fp, Gs, Gs, Gs
Gll^Fp, Gll^Fp, Gll^Fp, Gll^Fp, Gll^Fp, Gll^Fp, Gs, Gs, Gs, Gs, Gll^Fp, Gll^Fp, Gs, Gs, Gs, Gs, Gll^Fp, Gs, Gs, Gll^Fp, Gll^Fp, Gs, Gs, Gs, Gs, Aa, Aa, Gll^Fp, Gs, Gs, Gll^Fp, Gll^Fp, Gs, Gs, Gll^Fp, Gs, Gs, Gs, Aa^Fpa, Gs, Aa^Fpa, Gs, Gll^Fp, Gs, Gll^Fp, Gs, Gs, Gs, Gs, Gs, Gs, Gs, Gs, Gs, Gs, Aa, Aa, Gs, Gs, Gs, Gs, Gs
Gll^Fp, Gs, Gs, Gll^Fp, Gll^Fp, Gll^Fp, Gs, Gll^Fp, Gll^Fp, Gll^Fp, Gs, Gll^Fp, Gs, Gs, Gll^Fp, Gll^Fp, Aa^Fpa, Gll^Fp, Gll^Fp, Gs, Gs, Gs, Gs, Gll^Fp, Gll^Fp, Gs, Gs, Gs, Gll^Fp, Gs, Aa^Fpa, Gs, Gs, Gs, Gs, Gs, Gs, Gll^Fp, Gll^Fp, Aa^Fpa, Aa^Fpa, Gs, Gs, Gs, Gs, Gs, Gs, Gs, Gs, Gs, Gll^Fp, Gs, Gll^Fp, Gs, Gs, Gs, Gs, Gs, Gs, Gs, Gs, Gs
Gll^Fp, Gll^Fp, Gll^Fp, Gll^Fp, Gll^Fp, Gll^Fp, Gll^Fp, Gll^Fp, Gll^Fp, Gll^Fp, Gll^Fp, Aa, Gs, Gll^Fp, Gs, Gll^Fp, Gll^Fp, Aa^Fpa, Gs, Gs, Gg^Ve, Gll^Fp, Gll^Fp, Gs, Gs, Gs, Gll^Fp, Gs, Gll^Fp, Gs, Gs, Aa^Fpa, Aa^Fpa, Gs, Gs, Gs, Gs, Gll^Fp, Gs, Gs, Gs, Gll^Fp, Gll^Fp, Gs, Gs, Gs, Gs, Gs, Gll^Fp, Gs, Gs, Gll^Fp, Gs, Gs, Gs, Gs, Ce, Gs, Re^Vct, Gs, Gs, Gs
Gs, Gll^Fp, Gll^Fp, Gs, Gs, Gll^Fp, Gll^Fp, Gs, Gs, Gll^Fp, Gs, Gs, Gs, Gll^Fp, Gll^Fp, Gs, Gll^Fp, Aa^Fpa, Gs, Gs, Gs, Aa^Fpa, Gll^Fp, Gs, Gll^Fp, Gs, Gll^Fp, Gs, Gs, Gs, Gs, Gll^Fp, Gll^Fp, Gs, Gs, Gs, Gs, Gs, Gll^Fp, Gs, Gs, Gs, Gs, Gs, Gs, Gs, Gs, Gs, Gs, Gs, Gs, Gs, Gs, Gs, Gs, Gs, Ce, Ce, Ce, Gs, Gs, Gs
Gll^Fp, Gll^Fp, Gs, Gll^Fp, Gll^Fp, Gll^Fp, Gs, Gll^Fp, Gs, Gs, Gs, Gll^Fp, Gs, Gll^Fp, Gs, Gs, Gs, Gll^Fp, Gs, Gs, Gll^Fp, Aa^Fpa, Gs, Gs, Gs, Gs, Gs, Aa, Aa, Aa, Gll^Fp, Gll^Fp, Gs, Gs, Gll^Fp, Gs, Gs, Gll^Fp, Gll^Fp, Gs, Aa, Aa, Aa, Gs, Gs, Gs, Gll^Fp, Gll^Fp, Gs, Gs, Gs, Gs, Gs, Gll^Fp, Gs, Gs, Gs, Ke, Cea, Ce, Gs, Gs
Gll^Fp, Gll^Fp, Gg^Ve, Gll^Fp, Cv, Gs, Gs, Gs, Gs, Gs, Gll^Fp, Gll^Fp, Gs, Gs, Gs, Gs, Gll^Fp, Gs, Gll^Fp, Gll^Fp, Gs, Gs, Gll^Fp, Gs, Gll^Fp, Gs, Gs, Aa, Gll^Fp, Gs, Gll^Fp, Gll^Fp, Gs, Gs, Gll^Fp, Gll^Fp, Gs, Gs, Gs, Aa, Aa, Aa, Gs, Gs, Gs, Gs, Gs, Gs, Gs, Gs, Aa, Gs, Gs, Gs, Gs, Gs, Gs, Gs, Gs, Gs, Gs, Gs
Gll^Fp, Gll^Fp, Kva, Cv, Cv, Cv, Gll^Fp, Gll^Fp, Gs, Gs, Gll^Fp, Gll^Fp, Gll^Fp, Gll^Fp, Gll^Fp, Gll^Fp, Gll^Fp, Gs, Gll^Fp, Gll^Fp, Gs, Gll^Fp, Gll^Fp, Gs, Gs, Gll^Fp, Gll^Fp, Gs, Gs, Gll^Fp, Gs, Gs, Gs, Gll^Fp, Gll^Fp, Gll^Fp, Gs, Gs, Gs, Aa, Aa, Aa, Gs, Gs, Gs, Gs, Gs, Gs, Gs, Gs, Gs, Aa, Aa, Gs, Gs, Gs, Gs, Gll^Fp, Gs, Gs, Gll^Fp, Gs
Gll^Fp, Gll^Fp, Aa^Fpa, Cv, Cv, Cv, Gll^Fp, Gll^Fp, Gll^Fp, Gll^Fp, Gs, Gs, Gll^Fp, Gs, Gs, Gll^Fp, Gs, Gs, Gs, Gs, Gs, Gll^Fp, Gs, Gll^Fp, Gs, Gll^Fp, Gs, Gll^Fp, Gs, Gs, Gs, Gll^Fp, Gg^Ve, Gs, Gs, Gs, Gs, Gs, Gs, Gll^Fp, Gs, Aa, Gs, Gll^Fp, Gs, Gll^Fp, Gs, Gs, Gs, Gs, Gll^Fp, Aa, Aa, Gs, Gs, Gs, Gs, Gs, Gs, Gs, Gs, Gs
Gll^Fp, Gll^Fp, Gll^Fp, Aa^Fpa, Gll^Fp, Gll^Fp, Gll^Fp, Gll^Fp, Gll^Fp, Gll^Fp, Gs, Gs, Gs, Gll^Fp, Gll^Fp, Gs, Gll^Fp, Gs, Gs, Gs, Gs, Gs, Gs, Gll^Fp, Gs, Gs, Gll^Fp, Gs, Gs, Gll^Fp, Gs, Gs, Gs, Gll^Fp, Gll^Fp, Gll^Fp, Gs, Gll^Fp, Gll^Fp, Gll^Fp, Gs, Gs, Gs, Gs, Gs, Gll^Fp, Gs, Gs, Gs, Gs, Gs, Gs, Gs, Gs, Gs, Gs, Gs, Gs, Gs, Gs, Gs, Gs
Gll^Fp, Gll^Fp, Gll^Fp, Gll^Fp, Gll^Fp, Gll^Fp, Gll^Fp, Gll^Fp, Gll^Fp, Gs, Gs, Gll^Fp, Gll^Fp, Gs, Gll^Fp, Gll^Fp, Gs, Gs, Gs, Gll^Fp, Gs, Gs, Gs, Gs, Gs, Gll^Fp, Gs, Gs, Gs, Gs, Gll^Fp, Gs, Gll^Fp, Gs, Gs, Gs, Gs, Gll^Fp, Gll^Fp, Gs, Gll^Fp, Gll^Fp, Gll^Fp, Gs, Gs, Gs, Gs, Gs, Gs, Gs, Gs, Gll^Fp, Gs, Gs, Gs, Gs, Gs, Gs, Gs, Gs, Gs, Gs
